// Jest Snapshot v1, https://goo.gl/fbAQLP

exports[`renders the create component of the app  1`] = `
<div>
  <Modal
    centered={true}
    closeIcon={true}
    closeOnDimmerClick={true}
    closeOnDocumentClick={false}
    dimmer={true}
    eventPool="Modal"
    onClose={[Function]}
    open={false}
    trigger={
      <div
        className="esnap-container-size"
      >
        <Card
          onClick={[Function]}
        >
          <div
            className="esnap-icon"
          >
            <Icon
              as="i"
              name="add to calendar"
              size="huge"
            />
          </div>
          <CardContent>
            <CardHeader>
              Create New Event
            </CardHeader>
          </CardContent>
        </Card>
      </div>
    }
  >
    <ModalHeader>
      Create Your Event
    </ModalHeader>
    <ModalContent
      image={true}
      scrolling={true}
    >
      <ModalDescription>
        <Form
          as="form"
        >
          <FormField>
            <label>
              Title
            </label>
            <input
              id="title"
              onChange={[Function]}
              placeholder="Title of the event"
              value=""
            />
          </FormField>
          <FormField>
            <label>
              Start Date
            </label>
            <input
              id="start"
              onChange={[Function]}
              placeholder="DD/MM/YYYY"
              value=""
            />
          </FormField>
          <FormField>
            <label>
              End Date
            </label>
            <input
              id="end"
              onChange={[Function]}
              placeholder="DD/MM/YYYY"
              value=""
            />
          </FormField>
        </Form>
      </ModalDescription>
    </ModalContent>
    <ModalActions>
      <CreateInvitationModal
        handleSubmit={[Function]}
      />
    </ModalActions>
  </Modal>
</div>
`;
