// Jest Snapshot v1, https://goo.gl/fbAQLP

exports[`should render the sign in button 1`] = `
<div
  className="ui inverted segment form"
>
  <h1>
    Sign Up
  </h1>
  <Form
    as="form"
  >
    <Message
      content=""
      header=""
      hidden={true}
      negative={true}
    />
    <FormField>
      <label>
        Username
      </label>
      <input
        id="username"
        onChange={undefined}
        placeholder="Username"
        value=""
      />
    </FormField>
    <FormField>
      <label>
        Password
      </label>
      <input
        id="password"
        onChange={undefined}
        placeholder="Password"
        type="password"
        value=""
      />
    </FormField>
    <SignUpButton
      handleOnSubmit={undefined}
      loadComponent={undefined}
    />
  </Form>
</div>
`;
