// Jest Snapshot v1, https://goo.gl/fbAQLP

exports[`renders the create component of the app  1`] = `
<div
  className="eorganiser-container"
>
  <h2>
     Your Hosted Events
  </h2>
  <Header
    as="h2"
    disabled={true}
    textAlign="center"
  >
    You have no hosted events
  </Header>
  <Divider />
  <h2>
     Your Invited Events
  </h2>
  <Header
    as="h2"
    disabled={true}
    textAlign="center"
  >
    You have been invited
  </Header>
  <Divider />
  <h2>
     You have a life
  </h2>
  <Header
    as="h2"
    disabled={true}
    textAlign="center"
  >
    Soon ...
  </Header>
</div>
`;
