// Jest Snapshot v1, https://goo.gl/fbAQLP

exports[`renders the create component of the app  1`] = `
<div
  className="esnap-container-size"
>
  <Modal
    centered={true}
    closeIcon={true}
    closeOnDimmerClick={true}
    closeOnDocumentClick={false}
    dimmer={true}
    eventPool="Modal"
    onClose={[Function]}
    open={false}
    trigger={
      <Card
        color="violet"
        onClick={[Function]}
      >
        <CardContent>
          <CardHeader>
            birthday
          </CardHeader>
          <CardMeta>
            <span>
              Host: 
              lala
            </span>
          </CardMeta>
          <CardDescription>
             
            <Icon
              as="i"
              name="list"
              size="small"
            />
             KIV - 
          </CardDescription>
        </CardContent>
        <CardContent
          extra={true}
        />
      </Card>
    }
  >
    <ModalHeader>
      birthday
    </ModalHeader>
    <ModalContent>
      <ModalDescription>
        lala
        <br />
        <strong>
           Description:
        </strong>
         
        <br />
        <div>
          <DefaultCalendar
            Component={[Function]}
            autoFocus={false}
            displayOptions={
              Object {
                "showHeader": false,
              }
            }
            height={318}
            interpolateSelection={[Function]}
            max={2018-08-15T00:00:00.000Z}
            maxDate={2018-08-15T00:00:00.000Z}
            min={2018-08-13T00:00:00.000Z}
            minDate={2018-08-13T00:00:00.000Z}
            onSelect={[Function]}
            selected={Array []}
            theme={
              Object {
                "floatingNav": Object {
                  "background": "rgba(81, 67, 138, 0.96)",
                  "chevron": "#FFA726",
                  "color": "#FFF",
                },
                "headerColor": "rgb(127, 95, 251)",
                "selectionColor": "rgb(146, 118, 255)",
                "textColor": Object {
                  "active": "#FFF",
                  "default": "#333",
                },
                "weekdayColor": "rgb(146, 118, 255)",
              }
            }
            width={614.4}
          />
        </div>
        <br />
        <Button
          as="button"
          floated="right"
          onClick={[Function]}
          role="button"
          type="submit"
        >
          Accept
        </Button>
      </ModalDescription>
    </ModalContent>
  </Modal>
</div>
`;
