// Jest Snapshot v1, https://goo.gl/fbAQLP

exports[`renders the create component of the app  1`] = `
<div
  className="esnap-container-size"
>
  <Modal
    centered={true}
    closeIcon={true}
    closeOnDimmerClick={true}
    closeOnDocumentClick={false}
    dimmer={true}
    eventPool="Modal"
    onClose={undefined}
    open={undefined}
    trigger={
      <Card
        color="red"
      >
        <CardContent>
          <CardHeader>
            birthday
          </CardHeader>
          <CardMeta>
            <span>
              Host: 
              lala
            </span>
          </CardMeta>
          <CardDescription>
             
            <Icon
              as="i"
              name="list"
              size="small"
            />
             KIV - 
          </CardDescription>
        </CardContent>
        <CardContent
          extra={true}
        />
      </Card>
    }
  >
    <ModalHeader>
      birthday
    </ModalHeader>
    <ModalContent>
      <ModalDescription>
        lala
        <br />
        <strong>
           Description:
        </strong>
         
        <br />
        <br />
        <Button
          as="button"
          floated="right"
          onClick={[Function]}
          role="button"
          type="submit"
        >
          Accept
        </Button>
        <Button
          as="button"
          floated="right"
          role="button"
          type="submit"
        >
          Reject
        </Button>
      </ModalDescription>
    </ModalContent>
  </Modal>
</div>
`;
