// Jest Snapshot v1, https://goo.gl/fbAQLP

exports[`renders the create component of the app  1`] = `
<Card
  color="violet"
  onClick={undefined}
>
  <CardContent>
    <CardHeader>
      birthday
    </CardHeader>
    <CardMeta>
      <span>
        Host: 
        lala
      </span>
    </CardMeta>
  </CardContent>
  <CardContent
    extra={true}
  >
    Pending
  </CardContent>
</Card>
`;
