// Jest Snapshot v1, https://goo.gl/fbAQLP

exports[`renders the home component of the app  1`] = `
<div
  class="container"
>
  <Grid>
    <GridColumn
      width={8}
    >
      <h1>
        logo container
      </h1>
    </GridColumn>
    <GridColumn
      width={8}
    >
      <UserSignup
        loadComponent={[Function]}
      />
    </GridColumn>
  </Grid>
</div>
`;
