// Jest Snapshot v1, https://goo.gl/fbAQLP

exports[`renders the home component of the app  1`] = `
<div
  className="container"
>
  <Responsive
    as={[Function]}
    getWidth={[Function]}
    minWidth={768}
  >
    <GridColumn
      width={8}
    >
      <SideInfo />
    </GridColumn>
    <GridColumn
      className=""
      width={8}
    >
      <CrendentialsForm
        handleOnChange={[Function]}
        handleOnSubmit={[Function]}
        loadComponent={[Function]}
        state={
          Object {
            "componentToDisplay": "Sign Up",
            "password": "",
            "signInError": Object {
              "content": "",
              "header": "",
              "hidden": true,
            },
            "signUpError": Object {
              "content": "",
              "header": "",
              "hidden": true,
            },
            "username": "",
          }
        }
      />
    </GridColumn>
  </Responsive>
  <Responsive
    as={[Function]}
    getWidth={[Function]}
    maxWidth={767}
    minWidth={320}
  >
    <GridRow>
      <GridColumn>
        <SideInfo />
      </GridColumn>
    </GridRow>
    <GridRow>
      <GridColumn>
        <CrendentialsForm
          handleOnChange={[Function]}
          handleOnSubmit={[Function]}
          loadComponent={[Function]}
          state={
            Object {
              "componentToDisplay": "Sign Up",
              "password": "",
              "signInError": Object {
                "content": "",
                "header": "",
                "hidden": true,
              },
              "signUpError": Object {
                "content": "",
                "header": "",
                "hidden": true,
              },
              "username": "",
            }
          }
        />
      </GridColumn>
    </GridRow>
  </Responsive>
</div>
`;
