// Jest Snapshot v1, https://goo.gl/fbAQLP

exports[`renders the home component of the app  1`] = `
<div
  className="page-div"
>
  <Logo />
  <div
    className="container"
  >
    <Grid>
      <GridColumn
        width={8}
      >
        <SideInfo />
      </GridColumn>
      <GridColumn
        className=""
        width={8}
      >
        <CredentialsForm
          handleOnChange={[Function]}
          handleOnSubmit={[Function]}
          loadComponent={[Function]}
          state={
            Object {
              "componentToDisplay": "Sign Up",
              "password": "",
              "signInError": Object {
                "content": "",
                "header": "",
                "hidden": true,
              },
              "signUpError": Object {
                "content": "",
                "header": "",
                "hidden": true,
              },
              "username": "",
            }
          }
        />
      </GridColumn>
    </Grid>
  </div>
</div>
`;
