// Jest Snapshot v1, https://goo.gl/fbAQLP

exports[`renders the create component of the app  1`] = `
<div
  className="esnap-container-size"
>
  <Modal
    centered={true}
    closeIcon={true}
    closeOnDimmerClick={true}
    closeOnDocumentClick={false}
    dimmer={true}
    eventPool="Modal"
    onClose={[Function]}
    open={false}
    trigger={
      <EventCard
        event={
          Object {
            "hostId": Object {
              "username": "lala",
            },
            "proposedDates": Array [
              "20180813",
              "20180814",
              "20180815",
            ],
            "title": "birthday",
          }
        }
        handleOpen={[Function]}
        status={undefined}
      />
    }
  >
    <ModalHeader>
      <h2>
        birthday
      </h2>
    </ModalHeader>
    <ModalContent>
      <ModalDescription>
        <h3>
           Pending Reply:
        </h3>
        <div>
          <p>
            No pending replies
          </p>
        </div>
        <br />
        <div>
          <h3>
            Confirmed Date of Meeting:
          </h3>
          <h3 />
          <h3>
            Confirmed Attendees:
          </h3>
          <Label>
            <Icon
              as="i"
              name="user"
            />
             
            no attendee
          </Label>
        </div>
        <br />
        <br />
      </ModalDescription>
    </ModalContent>
    <ModalActions>
      <Button
        as="button"
        content="Accept"
        icon="check"
        onClick={[Function]}
        role="button"
      />
    </ModalActions>
  </Modal>
</div>
`;
