// Jest Snapshot v1, https://goo.gl/fbAQLP

exports[`renders the sign in page 1`] = `
<div
  className="ui inverted segment"
>
  <div
    className="ui inverted form"
  >
    <h1>
      Sign In
    </h1>
    <Form
      as="form"
    >
      <FormField>
        <label>
          Username
        </label>
        <input
          id="username"
          onChange={undefined}
          placeholder="Username"
          value={undefined}
        />
      </FormField>
      <FormField>
        <label>
          Password
        </label>
        <input
          id="password"
          onChange={undefined}
          placeholder="Password"
          type="password"
          value={undefined}
        />
      </FormField>
      <Button
        as="button"
        color="blue"
        fluid={true}
        onClick={undefined}
        role="button"
        type="submit"
      >
        Sign In
      </Button>
    </Form>
    <Divider />
    <div>
      <p
        className="text-align-center"
      >
        Don't have an account?
        <a
          className="cursor-pointer"
          onClick={[Function]}
        >
           
           Sign Up Here
        </a>
      </p>
    </div>
  </div>
</div>
`;
