// Jest Snapshot v1, https://goo.gl/fbAQLP

exports[`renders the sign up page  1`] = `
<div
  className="ui inverted segment"
>
  <div
    className="ui inverted form"
  >
    <h1>
      Sign Up
    </h1>
    <Message
      content=""
      header=""
      hidden={true}
      negative={true}
    />
    <Form
      as="form"
    >
      <FormField>
        <label>
          Username
        </label>
        <input
          id="username"
          onChange={undefined}
          placeholder="Username"
          value=""
        />
      </FormField>
      <FormField>
        <label>
          Password
        </label>
        <input
          id="password"
          onChange={undefined}
          placeholder="Password"
          type="password"
          value=""
        />
      </FormField>
      <FormField>
        <Checkbox
          label="I agree to the Terms and Conditions"
          type="checkbox"
        />
      </FormField>
      <Button
        as="button"
        color="blue"
        fluid={true}
        onClick={undefined}
        role="button"
        type="submit"
      >
        Submit
      </Button>
    </Form>
    <Divider />
    <div>
      <p
        className="text-align-center"
      >
        Have an account?
        <a
          className="cursor-pointer"
          onClick={[Function]}
        >
           
           Sign In Here
        </a>
      </p>
    </div>
  </div>
</div>
`;
